{
  "benchmarkSource": "/Users/hjqcan/.cache/goodmemory-benchmarks/LoCoMo-captioned-full10-v1/cases.json",
  "caseIds": [
    "locomo-conv-26",
    "locomo-conv-30"
  ],
  "categories": [
    {
      "answerAccuracy": null,
      "answeredCount": 0,
      "averageEvidenceRecall": 0.32456140350877194,
      "category": "single_hop",
      "crossSessionChainReady": null,
      "fullyRetrievedCount": 36,
      "noiseTurnTotal": 1056,
      "questionCount": 114
    },
    {
      "answerAccuracy": null,
      "answeredCount": 0,
      "averageEvidenceRecall": 0.05620155038759691,
      "category": "multi_hop",
      "crossSessionChainReady": false,
      "fullyRetrievedCount": 1,
      "noiseTurnTotal": 412,
      "questionCount": 43
    },
    {
      "answerAccuracy": null,
      "answeredCount": 0,
      "averageEvidenceRecall": 0.4444444444444444,
      "category": "temporal",
      "crossSessionChainReady": null,
      "fullyRetrievedCount": 28,
      "noiseTurnTotal": 565,
      "questionCount": 63
    },
    {
      "answerAccuracy": null,
      "answeredCount": 0,
      "averageEvidenceRecall": 0.23076923076923078,
      "category": "open_domain",
      "crossSessionChainReady": null,
      "fullyRetrievedCount": 2,
      "noiseTurnTotal": 128,
      "questionCount": 13
    },
    {
      "answerAccuracy": null,
      "answeredCount": 0,
      "averageEvidenceRecall": 0,
      "category": "adversarial",
      "crossSessionChainReady": null,
      "fullyRetrievedCount": 0,
      "noiseTurnTotal": 0,
      "questionCount": 0
    }
  ],
  "executionFailures": 0,
  "providerEmbeddingRunTimeoutMs": null,
  "providerEmbeddingTimeoutMs": null,
  "questionCount": 233,
  "questionCategories": [
    "single_hop",
    "multi_hop",
    "temporal",
    "open_domain"
  ],
  "reportPath": "/Users/hjqcan/workspace/GoodMemory/reports/release/v0.7/v0.7.3-lifecycle-schema8-evidence/provider-free/v073-provider-free-c1-baseline/smoke-report.json",
  "runId": "v073-provider-free-c1-baseline",
  "semanticCandidateEmbeddingSource": "none",
  "semanticCandidates": {
    "enabled": false,
    "maxAdditions": null,
    "minRelativeScore": null,
    "minSimilarity": null,
    "topK": null
  }
}
