[seedSmoke]
{
  "benchmarkSource": "/Users/hjqcan/.cache/goodmemory-benchmarks/LoCoMo-captioned-full10-v1/cases.json",
  "caseIds": [
    "locomo-conv-26",
    "locomo-conv-30"
  ],
  "categories": [
    {
      "answerAccuracy": null,
      "answeredCount": 0,
      "averageEvidenceRecall": 0.5526315789473685,
      "category": "single_hop",
      "crossSessionChainReady": null,
      "fullyRetrievedCount": 63,
      "noiseTurnTotal": 452,
      "questionCount": 114
    },
    {
      "answerAccuracy": null,
      "answeredCount": 0,
      "averageEvidenceRecall": 0.45930232558139533,
      "category": "multi_hop",
      "crossSessionChainReady": false,
      "fullyRetrievedCount": 14,
      "noiseTurnTotal": 218,
      "questionCount": 43
    },
    {
      "answerAccuracy": null,
      "answeredCount": 0,
      "averageEvidenceRecall": 0.5555555555555556,
      "category": "temporal",
      "crossSessionChainReady": null,
      "fullyRetrievedCount": 35,
      "noiseTurnTotal": 221,
      "questionCount": 63
    },
    {
      "answerAccuracy": null,
      "answeredCount": 0,
      "averageEvidenceRecall": 0.7307692307692307,
      "category": "open_domain",
      "crossSessionChainReady": null,
      "fullyRetrievedCount": 8,
      "noiseTurnTotal": 95,
      "questionCount": 13
    },
    {
      "answerAccuracy": null,
      "answeredCount": 0,
      "averageEvidenceRecall": 0,
      "category": "adversarial",
      "crossSessionChainReady": null,
      "fullyRetrievedCount": 0,
      "noiseTurnTotal": 0,
      "questionCount": 0
    }
  ],
  "executionFailures": 81,
  "providerEmbeddingRunTimeoutMs": null,
  "providerEmbeddingTimeoutMs": null,
  "questionCount": 233,
  "questionCategories": [
    "single_hop",
    "multi_hop",
    "temporal",
    "open_domain"
  ],
  "reportPath": "/Users/hjqcan/workspace/GoodMemory/reports/release/v0.7/v0.7.3-lifecycle-evidence/provider-replay/baseline-discovery/v073-baseline-discovery-seed-54c69a32/smoke-report.json",
  "runId": "v073-baseline-discovery-seed-54c69a32",
  "semanticCandidateEmbeddingSource": "provider",
  "semanticCandidates": {
    "enabled": false,
    "maxAdditions": null,
    "minRelativeScore": null,
    "minSimilarity": null,
    "topK": null
  }
}
