[seedSmoke]
{
  "benchmarkSource": "/Users/hjqcan/.cache/goodmemory-benchmarks/LoCoMo-captioned-full10-v1/cases.json",
  "caseIds": [
    "locomo-conv-26",
    "locomo-conv-30"
  ],
  "categories": [
    {
      "answerAccuracy": null,
      "answeredCount": 0,
      "averageEvidenceRecall": 0.7675438596491229,
      "category": "single_hop",
      "crossSessionChainReady": null,
      "fullyRetrievedCount": 86,
      "noiseTurnTotal": 809,
      "questionCount": 114
    },
    {
      "answerAccuracy": null,
      "answeredCount": 0,
      "averageEvidenceRecall": 0.5550387596899224,
      "category": "multi_hop",
      "crossSessionChainReady": false,
      "fullyRetrievedCount": 15,
      "noiseTurnTotal": 337,
      "questionCount": 43
    },
    {
      "answerAccuracy": null,
      "answeredCount": 0,
      "averageEvidenceRecall": 0.9523809523809523,
      "category": "temporal",
      "crossSessionChainReady": null,
      "fullyRetrievedCount": 60,
      "noiseTurnTotal": 431,
      "questionCount": 63
    },
    {
      "answerAccuracy": null,
      "answeredCount": 0,
      "averageEvidenceRecall": 0.6153846153846154,
      "category": "open_domain",
      "crossSessionChainReady": null,
      "fullyRetrievedCount": 7,
      "noiseTurnTotal": 111,
      "questionCount": 13
    },
    {
      "answerAccuracy": null,
      "answeredCount": 0,
      "averageEvidenceRecall": 0,
      "category": "adversarial",
      "crossSessionChainReady": null,
      "fullyRetrievedCount": 0,
      "noiseTurnTotal": 0,
      "questionCount": 0
    }
  ],
  "executionFailures": 0,
  "providerEmbeddingRunTimeoutMs": null,
  "providerEmbeddingTimeoutMs": null,
  "questionCount": 233,
  "questionCategories": [
    "single_hop",
    "multi_hop",
    "temporal",
    "open_domain"
  ],
  "reportPath": "/Users/hjqcan/workspace/GoodMemory/reports/release/v0.7/v0.7.3-lifecycle-schema8-evidence/provider-replay/baseline-formal/v073-baseline-formal-seed-0c0cf29b/smoke-report.json",
  "runId": "v073-baseline-formal-seed-0c0cf29b",
  "semanticCandidateEmbeddingSource": "provider",
  "semanticCandidates": {
    "enabled": false,
    "maxAdditions": null,
    "minRelativeScore": null,
    "minSimilarity": null,
    "topK": null
  }
}
