
tests/scenarios/open-loop.continuation.test.ts:
(pass) scenario open-loop continuation > carries unresolved work forward into the next session [25.72ms]

tests/scenarios/scope-isolation.test.ts:
(pass) scenario scope isolation > does not leak workspace-specific memory into another workspace recall [6.00ms]

tests/scenarios/identity-background.continuity.test.ts:
(pass) scenario identity continuity > preserves identity, role, and response style across sessions [6.14ms]

tests/scenarios/dataset.smoke.test.ts:
(pass) scenario dataset smoke > replays every eval scenario deterministically [302.05ms]

tests/scenarios/long-lifecycle.change.test.ts:
(pass) scenario long lifecycle change > prefers the user's current role and focus after multiple lifecycle updates [3.97ms]

tests/scenarios/replay.smoke.test.ts:
(pass) scenario replay harness smoke > replays a minimal multi-turn conversation [1.84ms]

tests/scenarios/confirmation.feedback.test.ts:
(pass) scenario confirmation feedback > applies confirmed procedural feedback to later responses [2.64ms]

tests/scenarios/stale-reference.correction.test.ts:
(pass) scenario stale reference correction > supersedes stale references after a user correction [4.44ms]

 8 pass
 0 fail
 273 expect() calls
Ran 8 tests across 8 files. [463.00ms]
