{
  "answerImprovements": 10,
  "answerRegressions": 10,
  "answerTokenF1NearMisses": 10,
  "outputPath": "/private/tmp/goodmemory-v073-paired.k0lE5a/live-delta.json",
  "overall": {
    "answerContextModeChangedAnswerChangeCount": 0,
    "answerContextModeChangedCount": 0,
    "answerContextModeChangedRegressionCount": 0,
    "answerContextModeUnchangedAnswerChangeCount": 26,
    "answerContextModeUnchangedCount": 233,
    "answerContextModeUnchangedRegressionCount": 15,
    "answerCorrectDelta": -4,
    "answerTransitions": {
      "baselineOnlyAnswered": 0,
      "bothUnanswered": 0,
      "candidateOnlyAnswered": 0,
      "improved": 11,
      "regressed": 15,
      "sameCorrect": 131,
      "sameWrong": 76
    },
    "averageEvidenceRecallDelta": -0.014306151645207321,
    "baselineCorrectCount": 146,
    "baselineFullyRetrievedCount": 179,
    "candidateCorrectCount": 142,
    "candidateFullyRetrievedCount": 177,
    "convertedRetrievalGainCount": 0,
    "effectiveAnswerPolicyChangedAnswerChangeCount": 0,
    "effectiveAnswerPolicyChangedCount": 0,
    "effectiveAnswerPolicyChangedRegressionCount": 0,
    "effectiveAnswerPolicyUnchangedAnswerChangeCount": 26,
    "effectiveAnswerPolicyUnchangedCount": 233,
    "effectiveAnswerPolicyUnchangedRegressionCount": 15,
    "fullyRetrievedDelta": -2,
    "fullRecallWrongNoisyDelta": 0,
    "missingEvidenceWrongDelta": 4,
    "noiseTurnDelta": 21,
    "noisyFullRecallRegressionCount": 11,
    "questionCount": 233,
    "residualLiveAnswerChangeCount": 5,
    "retrievalMetricChangedAnswerChangeCount": 21,
    "retrievalTransitions": {
      "full->full": 168,
      "full->partial": 4,
      "full->zero": 7,
      "partial->full": 5,
      "partial->partial": 19,
      "partial->zero": 3,
      "zero->full": 4,
      "zero->partial": 0,
      "zero->zero": 23
    },
    "unconvertedRetrievalGainCount": 8
  },
  "runId": "v0.7.3-lifecycle-paired-final-delta",
  "topUnconvertedRetrievalGains": 8
}
